{
  "id": 394787498,
  "node_id": "MDEwOlJlcG9zaXRvcnkzOTQ3ODc0OTg=",
  "full_name": "KTJ-Demo/crucifix",
  "private": false,
  "owner":
  {
    "login": "KTJ-Demo",
    "id": 53450794,
    "node_id": "MDQ6VXNlcjUzNDUwNzk0",
    "avatar_url": "https://avatars.githubusercontent.com/u/53450794?v=4",
    "gravatar_id": "",
    "url": "https://api.github.com/users/KTJ-Demo",
    "html_url": "https://github.com/KTJ-Demo",
    "followers_url": "https://api.github.com/users/KTJ-Demo/followers",
    "following_url": "https://api.github.com/users/KTJ-Demo/following{/other_user}",
    "gists_url": "https://api.github.com/users/KTJ-Demo/gists{/gist_id}",
    "starred_url": "https://api.github.com/users/KTJ-Demo/starred{/owner}{/repo}",
    "subscriptions_url": "https://api.github.com/users/KTJ-Demo/subscriptions",
    "organizations_url": "https://api.github.com/users/KTJ-Demo/orgs",
    "repos_url": "https://api.github.com/users/KTJ-Demo/repos",
    "events_url": "https://api.github.com/users/KTJ-Demo/events{/privacy}",
    "received_events_url": "https://api.github.com/users/KTJ-Demo/received_events",
    "type": "User",
    "site_admin": false
  },
  "html_url": "https://github.com/KTJ-Demo/crucifix",
  "description": "Videlicet cohaero gentrify utroque mixtape tutis sordeo aggredior.",
  "fork": false,
  "url": "https://api.github.com/repos/KTJ-Demo/crucifix",
  "forks_url": "https://api.github.com/repos/KTJ-Demo/crucifix/forks",
  "keys_url": "https://api.github.com/repos/KTJ-Demo/crucifix/keys{/key_id}",
  "collaborators_url": "https://api.github.com/repos/KTJ-Demo/crucifix/collaborators{/collaborator}",
  "teams_url": "https://api.github.com/repos/KTJ-Demo/crucifix/teams",
  "hooks_url": "https://api.github.com/repos/KTJ-Demo/crucifix/hooks",
  "issue_events_url": "https://api.github.com/repos/KTJ-Demo/crucifix/issues/events{/number}",
  "events_url": "https://api.github.com/repos/KTJ-Demo/crucifix/events",
  "assignees_url": "https://api.github.com/repos/KTJ-Demo/crucifix/assignees{/user}",
  "branches_url": "https://api.github.com/repos/KTJ-Demo/crucifix/branches{/branch}",
  "tags_url": "https://api.github.com/repos/KTJ-Demo/crucifix/tags",
  "blobs_url": "https://api.github.com/repos/KTJ-Demo/crucifix/git/blobs{/sha}",
  "git_tags_url": "https://api.github.com/repos/KTJ-Demo/crucifix/git/tags{/sha}",
  "git_refs_url": "https://api.github.com/repos/KTJ-Demo/crucifix/git/refs{/sha}",
  "trees_url": "https://api.github.com/repos/KTJ-Demo/crucifix/git/trees{/sha}",
  "statuses_url": "https://api.github.com/repos/KTJ-Demo/crucifix/statuses/{sha}",
  "languages_url": "https://api.github.com/repos/KTJ-Demo/crucifix/languages",
  "stargazers_url": "https://api.github.com/repos/KTJ-Demo/crucifix/stargazers",
  "contributors_url": "https://api.github.com/repos/KTJ-Demo/crucifix/contributors",
  "subscribers_url": "https://api.github.com/repos/KTJ-Demo/crucifix/subscribers",
  "subscription_url": "https://api.github.com/repos/KTJ-Demo/crucifix/subscription",
  "commits_url": "https://api.github.com/repos/KTJ-Demo/crucifix/commits{/sha}",
  "git_commits_url": "https://api.github.com/repos/KTJ-Demo/crucifix/git/commits{/sha}",
  "comments_url": "https://api.github.com/repos/KTJ-Demo/crucifix/comments{/number}",
  "issue_comment_url": "https://api.github.com/repos/KTJ-Demo/crucifix/issues/comments{/number}",
  "contents_url": "https://api.github.com/repos/KTJ-Demo/crucifix/contents/{+path}",
  "compare_url": "https://api.github.com/repos/KTJ-Demo/crucifix/compare/{base}...{head}",
  "merges_url": "https://api.github.com/repos/KTJ-Demo/crucifix/merges",
  "archive_url": "https://api.github.com/repos/KTJ-Demo/crucifix/{archive_format}{/ref}",
  "downloads_url": "https://api.github.com/repos/KTJ-Demo/crucifix/downloads",
  "issues_url": "https://api.github.com/repos/KTJ-Demo/crucifix/issues{/number}",
  "pulls_url": "https://api.github.com/repos/KTJ-Demo/crucifix/pulls{/number}",
  "milestones_url": "https://api.github.com/repos/KTJ-Demo/crucifix/milestones{/number}",
  "notifications_url": "https://api.github.com/repos/KTJ-Demo/crucifix/notifications{?since,all,participating}",
  "labels_url": "https://api.github.com/repos/KTJ-Demo/crucifix/labels{/name}",
  "releases_url": "https://api.github.com/repos/KTJ-Demo/crucifix/releases{/id}",
  "deployments_url": "https://api.github.com/repos/KTJ-Demo/crucifix/deployments",
  "created_at": "2021-08-10T21:40:28Z",
  "pushed_at": "2021-08-10T21:40:29Z",
  "git_url": "git://github.com/KTJ-Demo/crucifix.git",
  "ssh_url": "git@github.com:KTJ-Demo/crucifix.git",
  "clone_url": "https://github.com/KTJ-Demo/crucifix.git",
  "svn_url": "https://github.com/KTJ-Demo/crucifix",
  "homepage": "https://github.com",
  "size": 0,
  "stargazers_count": 0,
  "watchers_count": 0,
  "language": null,
  "has_issues": true,
  "has_projects": true,
  "has_downloads": true,
  "has_wiki": true,
  "has_pages": false,
  "forks_count": 0,
  "mirror_url": null,
  "archived": false,
  "disabled": false,
  "open_issues_count": 0,
  "license": null,
  "forks": 0,
  "open_issues": 0,
  "watchers": 0,
  "default_branch": "main",
  "permissions":
  {
    "admin": true,
    "maintain": true,
    "push": true,
    "triage": true,
    "pull": true
  },
  "allow_squash_merge": true,
  "allow_merge_commit": true,
  "allow_rebase_merge": true,
  "allow_auto_merge": false,
  "delete_branch_on_merge": false,
  "network_count": 0,
  "subscribers_count": 1
}